This is pdfTeX, Version 3.141592653-2.6-1.40.29 (MiKTeX 26.5) (preloaded format=pdflatex 2026.7.22)  24 JUL 2026 23:48
entering extended mode
 restricted \write18 enabled.
 %&-line parsing enabled.
**./topolens_report.tex
(topolens_report.tex
LaTeX2e <2026-06-01>
L3 programming layer <2025-12-24>
(E:\latex\tex/latex/base\report.cls
Document Class: report 2025/01/22 v1.4n Standard LaTeX document class
(E:\latex\tex/latex/base\size11.clo
File: size11.clo 2025/01/22 v1.4n Standard LaTeX file (size option)
)
\c@part=\count275
\c@chapter=\count276
\c@section=\count277
\c@subsection=\count278
\c@subsubsection=\count279
\c@paragraph=\count280
\c@subparagraph=\count281
\c@figure=\count282
\c@table=\count283
\abovecaptionskip=\skip49
\belowcaptionskip=\skip50
\bibindent=\dimen148
) (E:\latex\tex/latex/geometry\geometry.sty
Package: geometry 2026/03/07 v6.0 Page Geometry
(E:\latex\tex/latex/graphics\keyval.sty
Package: keyval 2026-05-17 v1.15 key=value parser (DPC)
\KV@toks@=\toks17
) (E:\latex\tex/generic/iftex\ifvtex.sty
Package: ifvtex 2019/10/25 v1.7 ifvtex legacy package. Use iftex instead.
(E:\latex\tex/generic/iftex\iftex.sty
Package: iftex 2024/12/12 v1.0g TeX engine tests
))
\Gm@cnth=\count284
\Gm@cntv=\count285
\c@Gm@tempcnt=\count286
\Gm@bindingoffset=\dimen149
\Gm@wd@mp=\dimen150
\Gm@odd@mp=\dimen151
\Gm@even@mp=\dimen152
\Gm@layoutwidth=\dimen153
\Gm@layoutheight=\dimen154
\Gm@layouthoffset=\dimen155
\Gm@layoutvoffset=\dimen156
\Gm@dimlist=\toks18

(E:\latex\tex/latex/geometry\geometry.cfg))
(E:\latex\tex/latex/graphics\graphicx.sty
Package: graphicx 2026-05-17 v1.2e Enhanced LaTeX Graphics (DPC,SPQR)

(E:\latex\tex/latex/graphics\graphics.sty
Package: graphics 2026-05-17 v1.4h Standard LaTeX Graphics (DPC,SPQR)
 (E:\latex\tex/latex/graphics\trig.sty
Package: trig 2023/12/02 v1.11 sin cos tan (DPC)
) (E:\latex\tex/latex/graphics-cfg\graphics.cfg
File: graphics.cfg 2016/06/04 v1.11 sample graphics configuration
)
Package graphics Info: Driver file: pdftex.def on input line 106.

(E:\latex\tex/latex/graphics-def\pdftex.def
File: pdftex.def 2025/09/29 v1.2d Graphics/color driver for pdftex
))
\Gin@req@height=\dimen157
\Gin@req@width=\dimen158
)
(E:\latex\tex/latex/booktabs\booktabs.sty
Package: booktabs 2020/01/12 v1.61803398 Publication quality tables
\heavyrulewidth=\dimen159
\lightrulewidth=\dimen160
\cmidrulewidth=\dimen161
\belowrulesep=\dimen162
\belowbottomsep=\dimen163
\aboverulesep=\dimen164
\abovetopsep=\dimen165
\cmidrulesep=\dimen166
\cmidrulekern=\dimen167
\defaultaddspace=\dimen168
\@cmidla=\count287
\@cmidlb=\count288
\@aboverulesep=\dimen169
\@belowrulesep=\dimen170
\@thisruleclass=\count289
\@lastruleclass=\count290
\@thisrulewidth=\dimen171
)
(E:\latex\tex/latex/caption\caption.sty
Package: caption 2023/08/05 v3.6o Customizing captions (AR)

(E:\latex\tex/latex/caption\caption3.sty
Package: caption3 2023/07/31 v2.4d caption3 kernel (AR)
\caption@tempdima=\dimen172
\captionmargin=\dimen173
\caption@leftmargin=\dimen174
\caption@rightmargin=\dimen175
\caption@width=\dimen176
\caption@indent=\dimen177
\caption@parindent=\dimen178
\caption@hangindent=\dimen179
Package caption Info: Standard document class detected.
)
\c@caption@flags=\count291
\c@continuedfloat=\count292
)
(E:\latex\tex/latex/caption\subcaption.sty
Package: subcaption 2023/07/28 v1.6b Sub-captions (AR)
Package caption Info: New subtype `subfigure' on input line 238.
\c@subfigure=\count293
Package caption Info: New subtype `subtable' on input line 238.
\c@subtable=\count294
)
(E:\latex\tex/latex/amsmath\amsmath.sty
Package: amsmath 2026/05/19 v2.18d AMS math features
\@mathmargin=\skip51

For additional information on amsmath, use the `?' option.
(E:\latex\tex/latex/amsmath\amstext.sty
Package: amstext 2024/11/17 v2.01 AMS text
 (E:\latex\tex/latex/amsmath\amsgen.sty
File: amsgen.sty 1999/11/30 v2.0 generic functions
\@emptytoks=\toks19
\ex@=\dimen180
)) (E:\latex\tex/latex/amsmath\amsbsy.sty
Package: amsbsy 1999/11/29 v1.2d Bold Symbols
\pmbraise@=\dimen181
)
(E:\latex\tex/latex/amsmath\amsopn.sty
Package: amsopn 2022/04/08 v2.04 operator names
)
\inf@bad=\count295
LaTeX Info: Redefining \frac on input line 233.
\uproot@=\count296
\leftroot@=\count297
LaTeX Info: Redefining \overline on input line 398.
LaTeX Info: Redefining \colon on input line 409.
\classnum@=\count298
\DOTSCASE@=\count299
LaTeX Info: Redefining \ldots on input line 495.
LaTeX Info: Redefining \dots on input line 498.
LaTeX Info: Redefining \cdots on input line 619.
\Mathstrutbox@=\box53
\strutbox@=\box54
LaTeX Info: Redefining \big on input line 721.
LaTeX Info: Redefining \Big on input line 722.
LaTeX Info: Redefining \bigg on input line 723.
LaTeX Info: Redefining \Bigg on input line 724.
\big@size=\dimen182
LaTeX Font Info:    Redeclaring font encoding OML on input line 742.
LaTeX Font Info:    Redeclaring font encoding OMS on input line 743.
\macc@depth=\count300
LaTeX Info: Redefining \bmod on input line 904.
LaTeX Info: Redefining \pmod on input line 909.
LaTeX Info: Redefining \smash on input line 939.
LaTeX Info: Redefining \relbar on input line 969.
LaTeX Info: Redefining \Relbar on input line 970.
\c@MaxMatrixCols=\count301
\dotsspace@=\muskip17
\c@parentequation=\count302
\dspbrk@lvl=\count303
\tag@help=\toks20
\row@=\count304
\column@=\count305
\maxfields@=\count306
\andhelp@=\toks21
\eqnshift@=\dimen183
\alignsep@=\dimen184
\tagshift@=\dimen185
\tagwidth@=\dimen186
\totwidth@=\dimen187
\lineht@=\dimen188
\@envbody=\toks22
\multlinegap=\skip52
\multlinetaggap=\skip53
\mathdisplay@stack=\toks23
LaTeX Info: Redefining \[ on input line 2965.
LaTeX Info: Redefining \] on input line 2966.
)
(E:\latex\tex/latex/amsfonts\amssymb.sty
Package: amssymb 2013/01/14 v3.01 AMS font symbols

(E:\latex\tex/latex/amsfonts\amsfonts.sty
Package: amsfonts 2013/01/14 v3.01 Basic AMSFonts support
\symAMSa=\mathgroup4
\symAMSb=\mathgroup5
LaTeX Font Info:    Redeclaring math symbol \hbar on input line 98.
LaTeX Font Info:    Overwriting math alphabet `\mathfrak' in version `bold'
(Font)                  U/euf/m/n --> U/euf/b/n on input line 106.
))
(E:\latex\tex/latex/xcolor\xcolor.sty
Package: xcolor 2024/09/29 v3.02 LaTeX color extensions (UK)

(E:\latex\tex/latex/graphics-cfg\color.cfg
File: color.cfg 2016/01/02 v1.6 sample color configuration
)
Package xcolor Info: Driver file: pdftex.def on input line 274.

(E:\latex\tex/latex/graphics\mathcolor.ltx)
Package xcolor Info: Model `cmy' substituted by `cmy0' on input line 1349.
Package xcolor Info: Model `hsb' substituted by `rgb' on input line 1353.
Package xcolor Info: Model `RGB' extended on input line 1365.
Package xcolor Info: Model `HTML' substituted by `rgb' on input line 1367.
Package xcolor Info: Model `Hsb' substituted by `hsb' on input line 1368.
Package xcolor Info: Model `tHsb' substituted by `hsb' on input line 1369.
Package xcolor Info: Model `HSB' substituted by `hsb' on input line 1370.
Package xcolor Info: Model `Gray' substituted by `gray' on input line 1371.
Package xcolor Info: Model `wave' substituted by `hsb' on input line 1372.
)
(E:\latex\tex/latex/tools\array.sty
Package: array 2026/02/24 v2.7b Tabular extension package (FMi)
\col@sep=\dimen189
\ar@mcellbox=\box55
\extrarowheight=\dimen190
\NC@list=\toks24
\extratabsurround=\skip54
\backup@length=\skip55
\ar@cellbox=\box56
) (E:\latex\tex/latex/float\float.sty
Package: float 2001/11/08 v1.3d Float enhancements (AL)
\c@float@type=\count307
\float@exts=\toks25
\float@box=\box57
\@float@everytoks=\toks26
\@floatcapt=\box58
)
(E:\latex\tex/latex/placeins\placeins.sty
Package: placeins 2005/04/18  v 2.2
)
(E:\latex\tex/latex/tools\longtable.sty
Package: longtable 2026-01-28 v4.27 Multi-page Table package (DPC)
\LTleft=\skip56
\LTright=\skip57
\LTpre=\skip58
\LTpost=\skip59
\LTchunksize=\count308
\LTcapwidth=\dimen191
\LT@head=\box59
\LT@firsthead=\box60
\LT@foot=\box61
\LT@lastfoot=\box62
\LT@gbox=\box63
\LT@cols=\count309
\LT@rows=\count310
\c@LT@tables=\count311
\c@LT@chunks=\count312
\LT@p@ftn=\toks27
)
(E:\latex\tex/latex/multirow\multirow.sty
Package: multirow 2024/11/12 v2.9 Span multiple rows of a table
\multirow@colwidth=\skip60
\multirow@cntb=\count313
\multirow@dima=\skip61
\bigstrutjot=\dimen192
)
(E:\latex\tex/latex/hyperref\hyperref.sty
Package: hyperref 2026-06-17 v7.01r Hypertext links for LaTeX

(E:\latex\tex/latex/kvsetkeys\kvsetkeys.sty
Package: kvsetkeys 2022-10-05 v1.19 Key value parser (HO)
)
(E:\latex\tex/generic/kvdefinekeys\kvdefinekeys.sty
Package: kvdefinekeys 2019-12-19 v1.6 Define keys (HO)
)
(E:\latex\tex/generic/pdfescape\pdfescape.sty
Package: pdfescape 2019/12/09 v1.15 Implements pdfTeX's escape features (HO)

(E:\latex\tex/generic/ltxcmds\ltxcmds.sty
Package: ltxcmds 2023-12-04 v1.26 LaTeX kernel commands for general use (HO)
)
(E:\latex\tex/generic/pdftexcmds\pdftexcmds.sty
Package: pdftexcmds 2020-06-27 v0.33 Utility functions of pdfTeX for LuaTeX (HO
)

(E:\latex\tex/generic/infwarerr\infwarerr.sty
Package: infwarerr 2019/12/03 v1.5 Providing info/warning/error messages (HO)
)
Package pdftexcmds Info: \pdf@primitive is available.
Package pdftexcmds Info: \pdf@ifprimitive is available.
Package pdftexcmds Info: \pdfdraftmode found.
))
(E:\latex\tex/latex/hycolor\hycolor.sty
Package: hycolor 2020-01-27 v1.10 Color options for hyperref/bookmark (HO)
)
(E:\latex\tex/latex/hyperref\nameref.sty
Package: nameref 2026-01-29 v2.58 Cross-referencing by name of section

(E:\latex\tex/latex/refcount\refcount.sty
Package: refcount 2019/12/15 v3.6 Data extraction from label references (HO)
)
(E:\latex\tex/generic/gettitlestring\gettitlestring.sty
Package: gettitlestring 2019/12/15 v1.6 Cleanup title references (HO)

(E:\latex\tex/latex/kvoptions\kvoptions.sty
Package: kvoptions 2022-06-15 v3.15 Key value format for package options (HO)
))
\c@section@level=\count314
)
(E:\latex\tex/latex/etoolbox\etoolbox.sty
Package: etoolbox 2025/10/02 v2.5m e-TeX tools for LaTeX (JAW)
\etb@tempcnta=\count315
)
(E:\latex\tex/generic/stringenc\stringenc.sty
Package: stringenc 2019/11/29 v1.12 Convert strings between diff. encodings (HO
)
)
\@linkdim=\dimen193
\Hy@linkcounter=\count316
\Hy@pagecounter=\count317

(E:\latex\tex/latex/hyperref\pd1enc.def
File: pd1enc.def 2026-06-17 v7.01r Hyperref: PDFDocEncoding definition (HO)
Now handling font encoding PD1 ...
... no UTF-8 mapping file for font encoding PD1
)
(E:\latex\tex/generic/intcalc\intcalc.sty
Package: intcalc 2019/12/15 v1.3 Expandable calculations with integers (HO)
)
\Hy@SavedSpaceFactor=\count318

(E:\latex\tex/latex/hyperref\puenc.def
File: puenc.def 2026-06-17 v7.01r Hyperref: PDF Unicode definition (HO)
Now handling font encoding PU ...
... no UTF-8 mapping file for font encoding PU
)
Package hyperref Info: Hyper figures OFF on input line 4199.
Package hyperref Info: Link nesting OFF on input line 4204.
Package hyperref Info: Hyper index ON on input line 4207.
Package hyperref Info: Plain pages OFF on input line 4214.
Package hyperref Info: Backreferencing OFF on input line 4219.
Package hyperref Info: Implicit mode ON; LaTeX internals redefined.
Package hyperref Info: Bookmarks ON on input line 4466.
\c@Hy@tempcnt=\count319
 (E:\latex\tex/latex/url\url.sty
\Urlmuskip=\muskip18
Package: url 2013/09/16  ver 3.4  Verb mode for urls, etc.
)
LaTeX Info: Redefining \url on input line 4805.
\XeTeXLinkMargin=\dimen194

(E:\latex\tex/generic/bitset\bitset.sty
Package: bitset 2019/12/09 v1.3 Handle bit-vector datatype (HO)

(E:\latex\tex/generic/bigintcalc\bigintcalc.sty
Package: bigintcalc 2019/12/15 v1.5 Expandable calculations on big integers (HO
)
))
\Fld@menulength=\count320
\Field@Width=\dimen195
\Fld@charsize=\dimen196
Package hyperref Info: Hyper figures OFF on input line 6091.
Package hyperref Info: Link nesting OFF on input line 6096.
Package hyperref Info: Hyper index ON on input line 6099.
Package hyperref Info: backreferencing OFF on input line 6106.
Package hyperref Info: Link coloring OFF on input line 6111.
Package hyperref Info: Link coloring with OCG OFF on input line 6116.
Package hyperref Info: PDF/A mode OFF on input line 6121.
\Hy@abspage=\count321
\c@Item=\count322
\c@Hfootnote=\count323
)
Package hyperref Info: Driver (autodetected): hpdftex.

(E:\latex\tex/latex/hyperref\hpdftex.def
File: hpdftex.def 2026-06-17 v7.01r Hyperref driver for pdfTeX
\Fld@listcount=\count324
\c@bookmark@seq@number=\count325

(E:\latex\tex/latex/rerunfilecheck\rerunfilecheck.sty
Package: rerunfilecheck 2025-06-21 v1.11 Rerun checks for auxiliary files (HO)

(E:\latex\tex/generic/uniquecounter\uniquecounter.sty
Package: uniquecounter 2019/12/15 v1.4 Provide unlimited unique counter (HO)
)
Package uniquecounter Info: New unique counter `rerunfilecheck' on input line 2
84.
)
\Hy@SectionHShift=\skip62
)
Package hyperref Info: Option `colorlinks' set `true' on input line 40.

(E:\latex\tex/latex/l3backend\l3backend-pdftex.def
File: l3backend-pdftex.def 2026-02-18 L3 backend support: PDF output (pdfTeX)
\l__color_backend_stack_int=\count326
)
No file topolens_report.aux.
\openout1 = `topolens_report.aux'.

LaTeX Font Info:    Checking defaults for OML/cmm/m/it on input line 60.
LaTeX Font Info:    ... okay on input line 60.
LaTeX Font Info:    Checking defaults for OMS/cmsy/m/n on input line 60.
LaTeX Font Info:    ... okay on input line 60.
LaTeX Font Info:    Checking defaults for OT1/cmr/m/n on input line 60.
LaTeX Font Info:    ... okay on input line 60.
LaTeX Font Info:    Checking defaults for T1/cmr/m/n on input line 60.
LaTeX Font Info:    ... okay on input line 60.
LaTeX Font Info:    Checking defaults for TS1/cmr/m/n on input line 60.
LaTeX Font Info:    ... okay on input line 60.
LaTeX Font Info:    Checking defaults for OMX/cmex/m/n on input line 60.
LaTeX Font Info:    ... okay on input line 60.
LaTeX Font Info:    Checking defaults for U/cmr/m/n on input line 60.
LaTeX Font Info:    ... okay on input line 60.
LaTeX Font Info:    Checking defaults for PD1/pdf/m/n on input line 60.
LaTeX Font Info:    ... okay on input line 60.
LaTeX Font Info:    Checking defaults for PU/pdf/m/n on input line 60.
LaTeX Font Info:    ... okay on input line 60.
*geometry* driver: auto-detecting
*geometry* detected driver: pdftex
*geometry* verbose mode - [ preamble ] result:
* driver: pdftex
* paper: letterpaper
* layout: <same size as paper>
* layoutoffset:(h,v)=(0.0pt,0.0pt)
* modes: 
* h-part:(L,W,R)=(72.26999pt, 469.75502pt, 72.26999pt)
* v-part:(T,H,B)=(72.26999pt, 650.43001pt, 72.26999pt)
* \paperwidth=614.295pt
* \paperheight=794.96999pt
* \textwidth=469.75502pt
* \textheight=650.43001pt
* \oddsidemargin=0.0pt
* \evensidemargin=0.0pt
* \topmargin=-37.0pt
* \headheight=12.0pt
* \headsep=25.0pt
* \topskip=11.0pt
* \footskip=30.0pt
* \marginparwidth=59.0pt
* \marginparsep=10.0pt
* \columnsep=10.0pt
* \skip\footins=10.0pt plus 4.0pt minus 2.0pt
* \hoffset=0.0pt
* \voffset=0.0pt
* \mag=1000
* \@twocolumnfalse
* \@twosidefalse
* \@mparswitchfalse
* \@reversemarginfalse
* (1in=72.27pt=25.4mm, 1cm=28.453pt)

(E:\latex\tex/context/base/mkii\supp-pdf.mkii
[Loading MPS to PDF converter (version 2006.09.02).]
\scratchcounter=\count327
\scratchdimen=\dimen197
\scratchbox=\box64
\nofMPsegments=\count328
\nofMParguments=\count329
\everyMPshowfont=\toks28
\MPscratchCnt=\count330
\MPscratchDim=\dimen198
\MPnumerator=\count331
\makeMPintoPDFobject=\count332
\everyMPtoPDFconversion=\toks29
) (E:\latex\tex/latex/epstopdf-pkg\epstopdf-base.sty
Package: epstopdf-base 2020-01-24 v2.11 Base part for package epstopdf
Package epstopdf-base Info: Redefining graphics rule for `.eps' on input line 4
85.

(E:\latex\tex/latex/00miktex\epstopdf-sys.cfg
File: epstopdf-sys.cfg 2021/03/18 v2.0 Configuration of epstopdf for MiKTeX
))
Package caption Info: Begin \AtBeginDocument code.
Package caption Info: float package is loaded.
Package caption Info: hyperref package is loaded.
Package caption Info: longtable package is loaded.

(E:\latex\tex/latex/caption\ltcaption.sty
Package: ltcaption 2021/01/08 v1.4c longtable captions (AR)
)
Package caption Info: End \AtBeginDocument code.
Package hyperref Info: Link coloring ON on input line 60.
\@outlinefile=\write3
\openout3 = `topolens_report.out'.

 [1

{C:/Users/pakistan/AppData/Local/MiKTeX/fonts/map/pdftex/pdftex.map}]
LaTeX Font Info:    Trying to load font information for U+msa on input line 102
.
 (E:\latex\tex/latex/amsfonts\umsa.fd
File: umsa.fd 2013/01/14 v3.01 AMS symbols A
)
LaTeX Font Info:    Trying to load font information for U+msb on input line 102
.

(E:\latex\tex/latex/amsfonts\umsb.fd
File: umsb.fd 2013/01/14 v3.01 AMS symbols B
) [1

]
No file topolens_report.toc.
\tf@toc=\write4
\openout4 = `topolens_report.toc'.

[2


]
No file topolens_report.lof.
\tf@lof=\write5
\openout5 = `topolens_report.lof'.

[3


]
No file topolens_report.lot.
\tf@lot=\write6
\openout6 = `topolens_report.lot'.

[4


]
Chapter 1.

pdfTeX warning (ext4): destination with the same identifier (name{page.1}) has 
been already used, duplicate ignored
<to be read again> 
                   \relax 
l.130 \end{enumerate}
                      [1


] [2]
Chapter 2.
[3

] [4]
Chapter 3.

LaTeX Warning: Reference `ref:networkx' on page 5 undefined on input line 157.

LaTeX Font Info:    Font shape `OT1/cmtt/bx/n' in size <10.95> not available
(Font)              Font shape `OT1/cmtt/m/n' tried instead on input line 168.

LaTeX Warning: Reference `ref:erdosrenyi' on page 5 undefined on input line 168
.


LaTeX Warning: Reference `ref:barabasialbert' on page 5 undefined on input line
 169.


LaTeX Warning: Reference `ref:wattsstrogatz' on page 5 undefined on input line 
170.

[5

]
<../figures/graph_counts_by_tier.png, id=71, 714.0276pt x 424.9476pt>
File: ../figures/graph_counts_by_tier.png Graphic file (type png)
<use ../figures/graph_counts_by_tier.png>
Package pdftex.def Info: ../figures/graph_counts_by_tier.png  used on input lin
e 179.
(pdftex.def)             Requested size: 281.85805pt x 167.74547pt.


LaTeX Warning: Reference `ref:tudataset' on page 6 undefined on input line 186.



LaTeX Warning: Reference `ref:mutag' on page 6 undefined on input line 188.


LaTeX Warning: Reference `ref:proteins' on page 6 undefined on input line 189.


LaTeX Warning: Reference `tab:train_split_counts' on page 6 undefined on input 
line 194.


LaTeX Warning: Reference `tab:val_split_counts' on page 6 undefined on input li
ne 194.


LaTeX Warning: Reference `tab:test_split_counts' on page 6 undefined on input l
ine 194.


LaTeX Warning: Reference `tab:held_out_split_counts' on page 6 undefined on inp
ut line 194.


LaTeX Warning: Reference `fig:distributions_overall' on page 6 undefined on inp
ut line 194.


LaTeX Warning: Reference `fig:distributions_by_generator' on page 6 undefined o
n input line 194.

[6 <../figures/graph_counts_by_tier.png>]
<../figures/node_edge_distributions_overall.png, id=82, 1003.5894pt x 353.1594p
t>
File: ../figures/node_edge_distributions_overall.png Graphic file (type png)
<use ../figures/node_edge_distributions_overall.png>
Package pdftex.def Info: ../figures/node_edge_distributions_overall.png  used o
n input line 198.
(pdftex.def)             Requested size: 281.86067pt x 99.18571pt.
<../figures/node_edge_distributions_by_generator.png, id=83, 1003.1076pt x 1509
.4794pt>
File: ../figures/node_edge_distributions_by_generator.png Graphic file (type pn
g)
<use ../figures/node_edge_distributions_by_generator.png>
Package pdftex.def Info: ../figures/node_edge_distributions_by_generator.png  u
sed on input line 206.
(pdftex.def)             Requested size: 324.16937pt x 487.81107pt.
 [7 <../figures/node_edge_distributions_overall.png>] [8 <../figures/node_edge_
distributions_by_generator.png>]
Overfull \hbox (8.32928pt too wide) in paragraph at lines 274--284
 [][] 
 []

[9] [10]
Chapter 4.

LaTeX Warning: Reference `ref:graphviz' on page 11 undefined on input line 294.



LaTeX Warning: Reference `fig:sample_render_grid' on page 11 undefined on input
 line 294.

<../figures/sample_render_grid.png, id=110, 1065.2598pt x 865.7946pt>
File: ../figures/sample_render_grid.png Graphic file (type png)
<use ../figures/sample_render_grid.png>
Package pdftex.def Info: ../figures/sample_render_grid.png  used on input line 
298.
(pdftex.def)             Requested size: 375.80484pt x 305.43704pt.
[11

]

LaTeX Warning: Reference `ch:interpretation' on page 12 undefined on input line
 309.

[12 <../figures/sample_render_grid.png>]
Chapter 5.
LaTeX Font Info:    Font shape `OT1/cmtt/bx/n' in size <14.4> not available
(Font)              Font shape `OT1/cmtt/m/n' tried instead on input line 316.

LaTeX Warning: Reference `ref:gcn' on page 13 undefined on input line 332.


LaTeX Warning: Reference `ref:pyg' on page 13 undefined on input line 332.

[13

]

LaTeX Warning: Reference `ch:discussion' on page 14 undefined on input line 338
.

[14]
Chapter 6.

LaTeX Warning: Reference `ref:pytorch' on page 15 undefined on input line 358.


LaTeX Warning: Reference `ref:adam' on page 15 undefined on input line 360.

[15

]
Chapter 7.

LaTeX Warning: Reference `tab:baseline_comparison' on page 16 undefined on inpu
t line 374.


LaTeX Warning: Reference `tab:generator_breakdown' on page 16 undefined on inpu
t line 401.


LaTeX Warning: Reference `tab:dataset_breakdown' on page 16 undefined on input 
line 401.


LaTeX Warning: Reference `tab:density_breakdown' on page 16 undefined on input 
line 401.


LaTeX Warning: Reference `tab:baseline_comparison' on page 16 undefined on inpu
t line 401.


LaTeX Warning: Reference `fig:vertices_scatter_test' on page 16 undefined on in
put line 401.


LaTeX Warning: Reference `fig:edges_scatter_test' on page 16 undefined on input
 line 401.


LaTeX Warning: Reference `fig:vertices_scatter_held_out' on page 16 undefined o
n input line 401.


LaTeX Warning: Reference `fig:edges_scatter_held_out' on page 16 undefined on i
nput line 401.

[16

]
<../figures/cnn_pred_num_vertices_scatter_test.png, id=158, 859.5312pt x 865.79
46pt>
File: ../figures/cnn_pred_num_vertices_scatter_test.png Graphic file (type png)

<use ../figures/cnn_pred_num_vertices_scatter_test.png>
Package pdftex.def Info: ../figures/cnn_pred_num_vertices_scatter_test.png  use
d on input line 407.
(pdftex.def)             Requested size: 211.38046pt x 212.92079pt.
<../figures/cnn_pred_num_edges_scatter_test.png, id=159, 858.5676pt x 865.7946p
t>
File: ../figures/cnn_pred_num_edges_scatter_test.png Graphic file (type png)
<use ../figures/cnn_pred_num_edges_scatter_test.png>
Package pdftex.def Info: ../figures/cnn_pred_num_edges_scatter_test.png  used o
n input line 414.
(pdftex.def)             Requested size: 211.3793pt x 213.15858pt.
<../figures/cnn_pred_num_vertices_scatter_held_out.png, id=160, 859.5312pt x 29
0.5254pt>
File: ../figures/cnn_pred_num_vertices_scatter_held_out.png Graphic file (type 
png)
<use ../figures/cnn_pred_num_vertices_scatter_held_out.png>
Package pdftex.def Info: ../figures/cnn_pred_num_vertices_scatter_held_out.png 
 used on input line 426.
(pdftex.def)             Requested size: 211.38046pt x 71.44754pt.
<../figures/cnn_pred_num_edges_scatter_held_out.png, id=161, 859.5312pt x 290.5
254pt>
File: ../figures/cnn_pred_num_edges_scatter_held_out.png Graphic file (type png
)
<use ../figures/cnn_pred_num_edges_scatter_held_out.png>
Package pdftex.def Info: ../figures/cnn_pred_num_edges_scatter_held_out.png  us
ed on input line 433.
(pdftex.def)             Requested size: 211.38046pt x 71.44754pt.

Overfull \hbox (3.77892pt too wide) in paragraph at lines 445--456
 [][] 
 []


Overfull \hbox (4.33856pt too wide) in paragraph at lines 476--485
 [][] 
 []


LaTeX Warning: Reference `tab:density_breakdown' on page 17 undefined on input 
line 487.

[17 <../figures/cnn_pred_num_vertices_scatter_test.png> <../figures/cnn_pred_nu
m_edges_scatter_test.png> <../figures/cnn_pred_num_vertices_scatter_held_out.pn
g> <../figures/cnn_pred_num_edges_scatter_held_out.png>] [18]
Chapter 8.

LaTeX Warning: Reference `ref:gradcam' on page 19 undefined on input line 497.


LaTeX Warning: Reference `fig:gradcam_generators' on page 19 undefined on input
 line 499.


LaTeX Warning: Reference `fig:gradcam_failures' on page 19 undefined on input l
ine 501.

[19

]
<../figures/gradcam_grid_by_generator.png, id=185, 578.16pt x 1445.4pt>
File: ../figures/gradcam_grid_by_generator.png Graphic file (type png)
<use ../figures/gradcam_grid_by_generator.png>
Package pdftex.def Info: ../figures/gradcam_grid_by_generator.png  used on inpu
t line 506.
(pdftex.def)             Requested size: 195.12498pt x 487.81248pt.
<../figures/gradcam_grid_failure_cases.png, id=186, 578.16pt x 2890.8pt>
File: ../figures/gradcam_grid_failure_cases.png Graphic file (type png)
<use ../figures/gradcam_grid_failure_cases.png>
Package pdftex.def Info: ../figures/gradcam_grid_failure_cases.png  used on inp
ut line 514.
(pdftex.def)             Requested size: 97.56248pt x 487.81248pt.
 [20 <../figures/gradcam_grid_by_generator.png>] [21 <../figures/gradcam_grid_f
ailure_cases.png>]

LaTeX Warning: Reference `eq:node_radius' on page 22 undefined on input line 52
1.


LaTeX Warning: Reference `fig:probe_examples' on page 22 undefined on input lin
e 521.


LaTeX Warning: Reference `fig:probe_mae' on page 22 undefined on input line 521
.


LaTeX Warning: Reference `tab:probe_summary' on page 22 undefined on input line
 521.

<../figures/probe_variant_examples_grid.png, id=200, 810.3876pt x 1441.0638pt>
File: ../figures/probe_variant_examples_grid.png Graphic file (type png)
<use ../figures/probe_variant_examples_grid.png>
Package pdftex.def Info: ../figures/probe_variant_examples_grid.png  used on in
put line 525.
(pdftex.def)             Requested size: 274.32869pt x 487.8223pt.
[22] [23 <../figures/probe_variant_examples_grid.png>]
<../figures/probe_variant_mae_comparison.png, id=212, 867.24pt x 361.35pt>
File: ../figures/probe_variant_mae_comparison.png Graphic file (type png)
<use ../figures/probe_variant_mae_comparison.png>
Package pdftex.def Info: ../figures/probe_variant_mae_comparison.png  used on i
nput line 533.
(pdftex.def)             Requested size: 281.84967pt x 117.43735pt.


LaTeX Warning: Reference `tab:probe_summary' on page 24 undefined on input line
 559.


LaTeX Warning: Reference `ref:wilcoxon' on page 24 undefined on input line 562.



LaTeX Warning: Reference `tab:wilcoxon_tests' on page 24 undefined on input lin
e 562.

[24 <../figures/probe_variant_mae_comparison.png>]

LaTeX Warning: Reference `fig:ink_vs_nodes' on page 25 undefined on input line 
588.


LaTeX Warning: Reference `fig:component_size_vs_nodes' on page 25 undefined on 
input line 588.


LaTeX Warning: Reference `tab:ink_coverage_correlations' on page 25 undefined o
n input line 588.

<../figures/ink_coverage_vs_node_count.png, id=223, 1004.0712pt x 428.3202pt>
File: ../figures/ink_coverage_vs_node_count.png Graphic file (type png)
<use ../figures/ink_coverage_vs_node_count.png>
Package pdftex.def Info: ../figures/ink_coverage_vs_node_count.png  used on inp
ut line 594.
(pdftex.def)             Requested size: 211.38208pt x 90.1721pt.
<../figures/component_size_vs_node_count.png, id=224, 1004.0712pt x 428.3202pt>

File: ../figures/component_size_vs_node_count.png Graphic file (type png)
<use ../figures/component_size_vs_node_count.png>
Package pdftex.def Info: ../figures/component_size_vs_node_count.png  used on i
nput line 601.
(pdftex.def)             Requested size: 211.38208pt x 90.1721pt.
[25 <../figures/ink_coverage_vs_node_count.png> <../figures/component_size_vs_n
ode_count.png>]

LaTeX Warning: Reference `fig:error_vs_nodes' on page 26 undefined on input lin
e 634.


LaTeX Warning: Reference `fig:error_vs_density' on page 26 undefined on input l
ine 634.


LaTeX Warning: Reference `tab:failure_taxonomy' on page 26 undefined on input l
ine 634.


LaTeX Warning: Reference `eq:node_radius' on page 26 undefined on input line 63
5.


LaTeX Warning: Reference `fig:worst_cases' on page 26 undefined on input line 6
35.

<../figures/error_vs_num_nodes.png, id=236, 714.0276pt x 425.4294pt>
File: ../figures/error_vs_num_nodes.png Graphic file (type png)
<use ../figures/error_vs_num_nodes.png>
Package pdftex.def Info: ../figures/error_vs_num_nodes.png  used on input line 
641.
(pdftex.def)             Requested size: 211.38808pt x 125.94849pt.
<../figures/error_vs_density.png, id=237, 714.0276pt x 425.4294pt>
File: ../figures/error_vs_density.png Graphic file (type png)
<use ../figures/error_vs_density.png>
Package pdftex.def Info: ../figures/error_vs_density.png  used on input line 64
8.
(pdftex.def)             Requested size: 211.38808pt x 125.94849pt.
<../figures/worst_case_image_grid.png, id=238, 896.148pt x 1432.3914pt>
File: ../figures/worst_case_image_grid.png Graphic file (type png)
<use ../figures/worst_case_image_grid.png>
Package pdftex.def Info: ../figures/worst_case_image_grid.png  used on input li
ne 658.
(pdftex.def)             Requested size: 305.19223pt x 487.81534pt.
[26 <../figures/error_vs_num_nodes.png> <../figures/error_vs_density.png>]
[27 <../figures/worst_case_image_grid.png>]

LaTeX Warning: Reference `tab:warning_validation' on page 28 undefined on input
 line 692.

[28]

LaTeX Warning: Reference `tab:spotcheck_results' on page 29 undefined on input 
line 725.


Package longtable Warning: Column widths have changed
(longtable)                in table 8.6 on input line 769.

[29]

LaTeX Warning: Reference `tab:novel_images' on page 30 undefined on input line 
773.


Overfull \hbox (5.1421pt too wide) in paragraph at lines 782--783
 []|\OT1/cmr/m/n/10 Combinatorially 
 []


Underfull \hbox (badness 6775) in paragraph at lines 784--784
[]|\OT1/cmr/m/n/10 Uncropped note-book page, 2
 []


Underfull \hbox (badness 2142) in paragraph at lines 787--787
[]|\OT1/cmr/m/n/10 Hand-drawn net-work (rect-an-gle
 []


Underfull \hbox (badness 10000) in paragraph at lines 789--789
[]|\OT1/cmr/m/n/10 Weighted di-rected graph
 []

[30]
Chapter 9.
[31

] [32]
Chapter 10.
[33

]
Underfull \hbox (badness 10000) in paragraph at lines 838--839
\OT1/cmr/m/n/10.95 with two dif-fer-ent back-ground thresholds---\OT1/cmtt/m/n/
10.95 evaluation/image[]statistics.py
 []


Underfull \hbox (badness 4713) in paragraph at lines 838--839
\OT1/cmr/m/n/10.95 (\OT1/cmtt/m/n/10.95 white[]threshold=250\OT1/cmr/m/n/10.95 
, used for the cor-re-la-tion ta-ble) and \OT1/cmtt/m/n/10.95 evaluation/comput
e[]
 []


Underfull \hbox (badness 3312) in paragraph at lines 838--839
\OT1/cmtt/m/n/10.95 structural[]pixel[]features.py \OT1/cmr/m/n/10.95 (\OT1/cmt
t/m/n/10.95 bg[]threshold=200\OT1/cmr/m/n/10.95 , used for the pixel-only-basel
ine
 []

[34] [35]
Chapter 11.
[36

]
Chapter 12.
[37

]
Chapter 13.

LaTeX Warning: Reference `ref:networkx' on page 38 undefined on input line 868.


[38

] [39]

LaTeX Warning: Reference `fig:graph_counts_by_tier' on page 40 undefined on inp
ut line 896.


LaTeX Warning: Reference `fig:distributions_overall' on page 40 undefined on in
put line 897.


LaTeX Warning: Reference `fig:distributions_by_generator' on page 40 undefined 
on input line 898.


LaTeX Warning: Reference `fig:sample_render_grid' on page 40 undefined on input
 line 899.


LaTeX Warning: Reference `fig:vertices_scatter_test' on page 40 undefined on in
put line 900.


LaTeX Warning: Reference `fig:edges_scatter_test' on page 40 undefined on input
 line 901.


LaTeX Warning: Reference `fig:vertices_scatter_held_out' on page 40 undefined o
n input line 902.


LaTeX Warning: Reference `fig:edges_scatter_held_out' on page 40 undefined on i
nput line 903.


LaTeX Warning: Reference `fig:gradcam_generators' on page 40 undefined on input
 line 904.


LaTeX Warning: Reference `fig:gradcam_failures' on page 40 undefined on input l
ine 905.


LaTeX Warning: Reference `fig:probe_examples' on page 40 undefined on input lin
e 906.


LaTeX Warning: Reference `fig:probe_mae' on page 40 undefined on input line 907
.


LaTeX Warning: Reference `fig:ink_vs_nodes' on page 40 undefined on input line 
908.


LaTeX Warning: Reference `fig:component_size_vs_nodes' on page 40 undefined on 
input line 909.


LaTeX Warning: Reference `fig:error_vs_nodes' on page 40 undefined on input lin
e 910.


LaTeX Warning: Reference `fig:error_vs_density' on page 40 undefined on input l
ine 911.


LaTeX Warning: Reference `fig:worst_cases' on page 40 undefined on input line 9
12.

[40

]
Underfull \hbox (badness 1215) in paragraph at lines 933--934
[]\OT1/cmtt/m/n/10.95 topolens[]pixel[]structural[]correlations.csv\OT1/cmr/m/n
/10.95 : Pixel re-gres-sion and collinear-ity
 []

[41]

Package longtable Warning: Table widths have changed. Rerun LaTeX.

[42] (topolens_report.aux)
 ***********
LaTeX2e <2026-06-01>
L3 programming layer <2025-12-24>
 ***********


LaTeX Warning: There were undefined references.


LaTeX Warning: Label(s) may have changed. Rerun to get cross-references right.


Package rerunfilecheck Warning: File `topolens_report.out' has changed.
(rerunfilecheck)                Rerun to get outlines right
(rerunfilecheck)                or use package `bookmark'.

Package rerunfilecheck Info: Checksums for `topolens_report.out':
(rerunfilecheck)             Before: <no file>
(rerunfilecheck)             After:  57389D16711532052255544A5ED456B7;7147.
 ) 
Here is how much of TeX's memory you used:
 12900 strings out of 467701
 202332 string characters out of 5429890
 649221 words of memory out of 5000000
 41641 multiletter control sequences out of 15000+600000
 640022 words of font info for 87 fonts, out of 8000000 for 9000
 1141 hyphenation exceptions out of 8191
 74i,10n,79p,1549b,679s stack positions out of 10000i,1000n,20000p,200000b,200000s
 <C:\Users\pakistan\AppData\Local\MiKTeX\fonts/pk/ljfour/jknappen/ec/dpi600\t
crm1095.pk><E:/latex/fonts/type1/public/amsfonts/cm/cmbx10.pfb><E:/latex/fonts/
type1/public/amsfonts/cm/cmbx12.pfb><E:/latex/fonts/type1/public/amsfonts/cm/cm
bx9.pfb><E:/latex/fonts/type1/public/amsfonts/cm/cmex10.pfb><E:/latex/fonts/typ
e1/public/amsfonts/cm/cmmi10.pfb><E:/latex/fonts/type1/public/amsfonts/cm/cmmi8
.pfb><E:/latex/fonts/type1/public/amsfonts/cm/cmr10.pfb><E:/latex/fonts/type1/p
ublic/amsfonts/cm/cmr12.pfb><E:/latex/fonts/type1/public/amsfonts/cm/cmr7.pfb><
E:/latex/fonts/type1/public/amsfonts/cm/cmr8.pfb><E:/latex/fonts/type1/public/a
msfonts/cm/cmr9.pfb><E:/latex/fonts/type1/public/amsfonts/cm/cmsy10.pfb><E:/lat
ex/fonts/type1/public/amsfonts/cm/cmsy7.pfb><E:/latex/fonts/type1/public/amsfon
ts/cm/cmsy8.pfb><E:/latex/fonts/type1/public/amsfonts/cm/cmti10.pfb><E:/latex/f
onts/type1/public/amsfonts/cm/cmti12.pfb><E:/latex/fonts/type1/public/amsfonts/
cm/cmtt10.pfb><E:/latex/fonts/type1/public/amsfonts/cm/cmtt12.pfb>
Output written on topolens_report.pdf (47 pages, 12699526 bytes).
PDF statistics:
 470 PDF objects out of 1000 (max. 8388607)
 152 named destinations out of 1000 (max. 500000)
 86 words of extra memory for PDF output out of 10000 (max. 10000000)

