\BOOKMARK [0][-]{chapter*.1}{\376\377\000A\000b\000s\000t\000r\000a\000c\000t}{}% 1
\BOOKMARK [0][-]{chapter.1}{\376\377\000I\000n\000t\000r\000o\000d\000u\000c\000t\000i\000o\000n\000\040\000\046\000\040\000M\000o\000t\000i\000v\000a\000t\000i\000o\000n}{}% 2
\BOOKMARK [0][-]{chapter.2}{\376\377\000B\000a\000c\000k\000g\000r\000o\000u\000n\000d\000\040\000\046\000\040\000P\000r\000o\000b\000l\000e\000m\000\040\000S\000t\000a\000t\000e\000m\000e\000n\000t}{}% 3
\BOOKMARK [1][-]{section.2.1}{\376\377\000P\000r\000o\000b\000l\000e\000m\000\040\000S\000t\000a\000t\000e\000m\000e\000n\000t}{chapter.2}% 4
\BOOKMARK [1][-]{section.2.2}{\376\377\000M\000o\000t\000i\000v\000a\000t\000i\000o\000n\000:\000\040\000P\000e\000r\000s\000o\000n\000a\000l\000\040\000C\000o\000n\000t\000e\000x\000t}{chapter.2}% 5
\BOOKMARK [0][-]{chapter.3}{\376\377\000D\000a\000t\000a\000s\000e\000t\000\040\000D\000e\000s\000c\000r\000i\000p\000t\000i\000o\000n}{}% 6
\BOOKMARK [1][-]{section.3.1}{\376\377\000S\000y\000n\000t\000h\000e\000t\000i\000c\000\040\000D\000a\000t\000a\000s\000e\000t\000\040\000P\000o\000o\000l}{chapter.3}% 7
\BOOKMARK [1][-]{section.3.2}{\376\377\000H\000e\000l\000d\000-\000o\000u\000t\000\040\000R\000e\000a\000l\000-\000W\000o\000r\000l\000d\000\040\000D\000a\000t\000a\000s\000e\000t}{chapter.3}% 8
\BOOKMARK [1][-]{section.3.3}{\376\377\000S\000p\000l\000i\000t\000\040\000a\000n\000d\000\040\000C\000r\000o\000s\000s\000t\000a\000b\000u\000l\000a\000t\000i\000o\000n\000\040\000S\000t\000a\000t\000i\000s\000t\000i\000c\000s}{chapter.3}% 9
\BOOKMARK [0][-]{chapter.4}{\376\377\000R\000e\000n\000d\000e\000r\000i\000n\000g\000\040\000P\000i\000p\000e\000l\000i\000n\000e}{}% 10
\BOOKMARK [0][-]{chapter.5}{\376\377\000M\000o\000d\000e\000l\000\040\000A\000r\000c\000h\000i\000t\000e\000c\000t\000u\000r\000e}{}% 11
\BOOKMARK [1][-]{section.5.1}{\376\377\000C\000u\000s\000t\000o\000m\000\040\000C\000N\000N\000\040\000R\000e\000g\000r\000e\000s\000s\000o\000r\000\040\000\050\000C\000u\000s\000t\000o\000m\000C\000N\000N\000R\000e\000g\000r\000e\000s\000s\000o\000r\000\051}{chapter.5}% 12
\BOOKMARK [1][-]{section.5.2}{\376\377\000G\000C\000N\000\040\000B\000a\000s\000e\000l\000i\000n\000e\000\040\000\050\000G\000r\000a\000p\000h\000C\000o\000u\000n\000t\000G\000C\000N\000\051}{chapter.5}% 13
\BOOKMARK [1][-]{section.5.3}{\376\377\000G\000r\000a\000p\000h\000-\000S\000t\000a\000t\000i\000s\000t\000i\000c\000\040\000B\000a\000s\000e\000l\000i\000n\000e}{chapter.5}% 14
\BOOKMARK [1][-]{section.5.4}{\376\377\000L\000o\000g\000\040\000T\000a\000r\000g\000e\000t\000\040\000T\000r\000a\000n\000s\000f\000o\000r\000m\000a\000t\000i\000o\000n}{chapter.5}% 15
\BOOKMARK [0][-]{chapter.6}{\376\377\000T\000r\000a\000i\000n\000i\000n\000g\000\040\000S\000e\000t\000u\000p}{}% 16
\BOOKMARK [0][-]{chapter.7}{\376\377\000R\000e\000s\000u\000l\000t\000s}{}% 17
\BOOKMARK [1][-]{section.7.1}{\376\377\000B\000a\000s\000e\000l\000i\000n\000e\000\040\000C\000o\000m\000p\000a\000r\000i\000s\000o\000n}{chapter.7}% 18
\BOOKMARK [1][-]{section.7.2}{\376\377\000D\000e\000t\000a\000i\000l\000e\000d\000\040\000B\000r\000e\000a\000k\000d\000o\000w\000n\000\040\000R\000e\000p\000o\000r\000t\000s}{chapter.7}% 19
\BOOKMARK [0][-]{chapter.8}{\376\377\000M\000o\000d\000e\000l\000\040\000I\000n\000t\000e\000r\000p\000r\000e\000t\000a\000t\000i\000o\000n\000\040\000\046\000\040\000F\000a\000i\000l\000u\000r\000e\000\040\000A\000n\000a\000l\000y\000s\000i\000s}{}% 20
\BOOKMARK [1][-]{section.8.1}{\376\377\000G\000r\000a\000d\000-\000C\000A\000M\000\040\000S\000p\000a\000t\000i\000a\000l\000\040\000A\000t\000t\000r\000i\000b\000u\000t\000i\000o\000n\000s}{chapter.8}% 21
\BOOKMARK [1][-]{section.8.2}{\376\377\000S\000h\000o\000r\000t\000c\000u\000t\000-\000L\000e\000a\000r\000n\000i\000n\000g\000\040\000P\000r\000o\000b\000e\000\040\000\050\000N\000o\000d\000e\000-\000S\000i\000z\000e\000\051}{chapter.8}% 22
\BOOKMARK [1][-]{section.8.3}{\376\377\000L\000a\000y\000o\000u\000t\000-\000S\000e\000n\000s\000i\000t\000i\000v\000i\000t\000y\000\040\000P\000r\000o\000b\000e}{chapter.8}% 23
\BOOKMARK [1][-]{section.8.4}{\376\377\000W\000i\000l\000c\000o\000x\000o\000n\000\040\000S\000i\000g\000n\000e\000d\000-\000R\000a\000n\000k\000\040\000T\000e\000s\000t\000s}{chapter.8}% 24
\BOOKMARK [1][-]{section.8.5}{\376\377\000I\000n\000k\000-\000C\000o\000v\000e\000r\000a\000g\000e\000\040\000C\000o\000r\000r\000e\000l\000a\000t\000i\000o\000n\000a\000l\000\040\000A\000n\000a\000l\000y\000s\000i\000s}{chapter.8}% 25
\BOOKMARK [1][-]{section.8.6}{\376\377\000F\000a\000i\000l\000u\000r\000e\000\040\000T\000a\000x\000o\000n\000o\000m\000y\000\040\000A\000n\000a\000l\000y\000s\000i\000s}{chapter.8}% 26
\BOOKMARK [1][-]{section.8.7}{\376\377\000S\000t\000r\000u\000c\000t\000u\000r\000a\000l\000\040\000A\000t\000t\000r\000i\000b\000u\000t\000e\000\040\000C\000o\000r\000r\000e\000l\000a\000t\000i\000o\000n\000s}{chapter.8}% 27
\BOOKMARK [1][-]{section.8.8}{\376\377\000W\000a\000r\000n\000i\000n\000g\000\040\000B\000a\000n\000n\000e\000r\000\040\000V\000a\000l\000i\000d\000a\000t\000i\000o\000n}{chapter.8}% 28
\BOOKMARK [1][-]{section.8.9}{\376\377\000L\000i\000v\000e\000-\000A\000p\000p\000\040\000V\000a\000l\000i\000d\000a\000t\000i\000o\000n\000\040\000P\000a\000n\000e\000l}{chapter.8}% 29
\BOOKMARK [2][-]{subsection.8.9.1}{\376\377\000P\000a\000r\000t\000\040\0001\000:\000\040\000D\000e\000p\000l\000o\000y\000e\000d\000\040\000A\000p\000p\000\040\000S\000p\000o\000t\000\040\000C\000h\000e\000c\000k}{section.8.9}% 30
\BOOKMARK [2][-]{subsection.8.9.2}{\376\377\000P\000a\000r\000t\000\040\0002\000:\000\040\000N\000o\000v\000e\000l\000-\000I\000m\000a\000g\000e\000\040\000S\000a\000n\000i\000t\000y\000\040\000C\000h\000e\000c\000k}{section.8.9}% 31
\BOOKMARK [2][-]{subsection.8.9.3}{\376\377\000P\000a\000r\000t\000\040\0003\000:\000\040\000C\000o\000m\000b\000i\000n\000a\000t\000o\000r\000i\000a\000l\000\040\000P\000l\000a\000u\000s\000i\000b\000i\000l\000i\000t\000y\000\040\000V\000i\000o\000l\000a\000t\000i\000o\000n\000s}{section.8.9}% 32
\BOOKMARK [0][-]{chapter.9}{\376\377\000D\000i\000s\000c\000u\000s\000s\000i\000o\000n}{}% 33
\BOOKMARK [1][-]{section.9.1}{\376\377\000O\000n\000\040\000C\000o\000m\000p\000e\000t\000i\000t\000i\000v\000e\000n\000e\000s\000s}{chapter.9}% 34
\BOOKMARK [1][-]{section.9.2}{\376\377\000O\000n\000\040\000M\000e\000c\000h\000a\000n\000i\000s\000m}{chapter.9}% 35
\BOOKMARK [1][-]{section.9.3}{\376\377\000O\000n\000\040\000t\000h\000e\000\040\000F\000a\000i\000r\000n\000e\000s\000s\000\040\000o\000f\000\040\000t\000h\000e\000\040\000C\000o\000m\000p\000a\000r\000i\000s\000o\000n}{chapter.9}% 36
\BOOKMARK [0][-]{chapter.10}{\376\377\000L\000i\000m\000i\000t\000a\000t\000i\000o\000n\000s}{}% 37
\BOOKMARK [0][-]{chapter.11}{\376\377\000F\000u\000t\000u\000r\000e\000\040\000W\000o\000r\000k}{}% 38
\BOOKMARK [0][-]{chapter.12}{\376\377\000C\000o\000n\000c\000l\000u\000s\000i\000o\000n}{}% 39
\BOOKMARK [0][-]{chapter.13}{\376\377\000R\000e\000f\000e\000r\000e\000n\000c\000e\000s}{}% 40
\BOOKMARK [0][-]{chapter*.32}{\376\377\000A\000p\000p\000e\000n\000d\000i\000x}{}% 41
